// Jest Snapshot v1, https://goo.gl/fbAQLP

exports[`transforms package.json contents to our needs 1`] = `
Object {
  "browserslist": Object {
    "development": Array [
      "last 2 chrome versions",
      "last 2 firefox versions",
      "last 2 edge versions",
    ],
    "production": Array [
      ">0.25%",
      "not op_mini all",
      "ie 11",
    ],
  },
  "dependencies": Object {
    "react": "^16.4.1",
    "react-dom": "^16.4.1",
    "react-scripts": "^2.0.0-next.3e165448",
  },
  "devDependencies": Object {
    "jest-puppeteer": "^3.2.1",
    "puppeteer": "^1.5.0",
  },
  "name": "workshop",
  "private": true,
  "scripts": Object {
    "build": "react-scripts build",
    "eject": "react-scripts eject",
    "start": "react-scripts start",
    "test": "react-scripts test --env=jsdom",
    "test-e2e": "jest -c e2e-tests/jest.config.js",
  },
  "version": "version 0.1.0",
}
`;
